
Memory Configuration

Name             Origin             Length             Attributes
ram              0x80000000         0x00500000         xrw
*default*        0x00000000         0xffffffff

Linker script and memory map

                0x00000000                __DYNAMIC=0x0
                0x00400000                PROVIDE (__stack, 0x400000)
                0x00000000                PROVIDE (hardware_init_hook, 0x0)
                0x00000000                PROVIDE (_hardware_init_hook, 0x0)
                0x00000000                PROVIDE (software_init_hook, 0x0)
                0x00000000                PROVIDE (_software_init_hook, 0x0)

.text           0x80000000     0x7e70
 *(.text)
 .text          0x80000000     0x1644 S2_BSS_Audio_Soundweb_London_Node.o
                0x8000091a                S2_BSS_Audio_Soundweb_London_NodeEventHandler00000
                0x800014b4                S2_BSS_Audio_Soundweb_London_Node_main
                0x80000e20                S2_BSS_Audio_Soundweb_London_NodeEventHandler00001
                0x800013de                S2_BSS_Audio_Soundweb_London_Node_EventHandler
 .text          0x80001644     0x5836 library.o
                0x80005830                RotateRightLong
                0x80005e3e                IsSystem
                0x80005794                Seed
                0x8000308c                Remove
                0x80005410                Ltoa
                0x8000513c                Atoi
                0x800044a4                InitRampInfoArray
                0x80005bea                Right
                0x80006c1a                LockInputSema
                0x800056be                Mod
                0x800058a6                Getc
                0x800055f2                SMuldiv
                0x80005e20                IsHidden
                0x800054d6                Min
                0x80006a2e                hextosi
                0x80005fc4                WriteIntegerArray
                0x8000653a                GetSignedIntArrayElementPtr
                0x80004e5e                CheckStructArray
                0x80006a42                hextosl
                0x8000614a                WriteSignedIntegerArray
                0x80004b26                InitStringParamArray
                0x80003df8                ReadSignedLongIntegerArray
                0x80002d1a                GatherToDelimiter
                0x8000494a                InitStringArray
                0x800054b0                Max
                0x80005e7a                IsReadOnly
                0x800055ba                SMax
                0x80002ebe                GatherByLength
                0x8000534a                Chr
                0x80005f9c                ReadSignedLongInteger
                0x800053c8                Itohex
                0x80004dd0                GetStructArrayElement
                0x800050c4                UNS_SetByte
                0x80005bbe                ReverseFindi
                0x800042a0                ReadStringArray
                0x8000634a                GetIntArrayElementPtr
                0x800059fa                Lower
                0x800057b0                RotateLeft
                0x80006b62                ResizeIfAutogrow
                0x800045d0                CheckInputArray
                0x80001bb2                ResizeStringArray
                0x800052dc                Atosl
                0x80005104                High
                0x80005760                Rnd
                0x80005682                UMod
                0x80005806                RotateLeftLong
                0x80006c8e                FindNumericChar
                0x80006792                CheckIOArrayBounds2
                0x80005dd8                MakeProgramFilename
                0x800055d6                SMin
                0x8000592e                Left
                0x80005870                CheckBufferThreshold
                0x80005f54                ReadSignedInteger
                0x8000512e                LowWord
                0x80001644                Bit
                0x80005f04                ReadLongInteger
                0x80004f42                Byte
                0x80006442                GetLongArrayElementPtr
                0x80005b90                ReverseFind
                0x80005dee                GetSeries
                0x80006d5a                InitTcpServer
                0x800059e2                Len
                0x80006862                InitializeRampInfoInternal
                0x800054fc                Divide
                0x80005248                Atol
                0x80005de4                GetModelNumber
                0x8000672a                CheckIOArrayBounds
                0x8000462a                CheckStringInputArray
                0x8000620c                WriteSignedLongIntegerArray
                0x80004d1a                GetStringArrayElement
                0x80005454                Ltohex
                0x80005380                Itoa
                0x800057da                RotateRight
                0x8000337a                InternalReverseFind
                0x80005ee4                WriteLongInteger
                0x8000484e                InitDynamicStringStruct
                0x80004740                SetStringArray
                0x80003bd6                ReadSignedIntegerArray
                0x80004684                SetOutputArray
                0x80005e94                WriteInteger
                0x80004cae                InitStructDynamicArray
                0x80003604                SetString
                0x800056fa                Random
                0x80005f2c                WriteSignedInteger
                0x800018a8                Find
                0x80005df8                GetProgramNumber
                0x80005ace                Mid
                0x80006ccc                InitTcpClient
                0x80002796                ResizeStructArray
                0x80006632                GetSignedLongArrayElementPtr
                0x80006a54                hextol
                0x8000401a                ReadString
                0x800049e0                InitDynamicStringArray
                0x80006b3a                UpperChar
                0x800051d8                Atosi
                0x80005ebc                ReadInteger
                0x8000556e                Muldiv
                0x800046f2                SetStringOutputArray
                0x800062d0                WriteString
                0x8000220a                ResizeIntegerArray
                0x80004598                InitInOutArray
                0x80004bee                InitNvramStringArray
                0x80005498                Abs
                0x8000563e                SDivide
                0x80003794                ReadIntegerArray
                0x80001754                CompareStrings
                0x80006b12                LowerChar
                0x80006dea                InitUdpSocket
                0x80005858                ClearBuffer
                0x80005ca6                Upper
                0x80004c8a                InitStructArray
                0x80005d7c                MakeLower
                0x80005e5c                IsVolume
                0x800031e6                RemoveByLength
                0x80004eda                CheckStringOutputArrayIndex
                0x80006086                WriteLongIntegerArray
                0x8000690e                InitRampInfoStructArray
                0x80005120                HighWord
                0x80001a1c                ResizeString
                0x80005e02                IsDirectory
                0x800039b4                ReadLongIntegerArray
                0x80005112                Low
                0x80002bc0                Gather
                0x80005daa                MakeUpper
                0x80004810                InitStringStruct
                0x800067fa                CheckStringArrayBounds
                0x80005540                CheckDenominator
                0x80006a16                hextoi
                0x80004138                WriteStringArray
                0x80005002                SetByte
                0x800068b8                InitializeRampInfo
                0x80006c54                UnLockInputSema
                0x80005f7c                WriteSignedLongInteger
                0x80004902                InitNvramStringStruct
 *fill*         0x80006e7a        0x6
                0x80006e80                .=ALIGN(0x10)
 *(.eh_frame)
                0x80006e80                .=ALIGN(0x10)
 *(.gnu.linkonce.t.*)
                0x80006e80                .=ALIGN(0x4)
                0x80006e80                __CTOR_LIST__=.
                0x80006e80                ___CTOR_LIST__=.
                0x80006e80        0x4 LONG 0x0 (((__CTOR_END__-__CTOR_LIST__)/0x4)-0x2)
 *(.ctors)
                0x80006e84        0x4 LONG 0x0
                0x80006e88                __CTOR_END__=.
                0x80006e88                __DTOR_LIST__=.
                0x80006e88                ___DTOR_LIST__=.
                0x80006e88        0x4 LONG 0x0 (((__DTOR_END__-__DTOR_LIST__)/0x4)-0x2)
 *(.dtors)
                0x80006e8c        0x4 LONG 0x0
                0x80006e90                __DTOR_END__=.
 *(.rodata)
 .rodata        0x80006e90      0x37a S2_BSS_Audio_Soundweb_London_Node.o
 .rodata        0x8000720a      0xc54 library.o
 *(.gcc_except_table)
                0x80007e5e                .=ALIGN(0x2)
                0x80007e5e                __INIT_SECTION__=.
                0x80007e5e        0x4 LONG 0x4e560000
 *(.init)
                0x80007e62        0x2 SHORT 0x4e5e
                0x80007e64        0x2 SHORT 0x4e75
                0x80007e66                __FINI_SECTION__=.
                0x80007e66        0x4 LONG 0x4e560000
 *(.fini)
                0x80007e6a        0x2 SHORT 0x4e5e
                0x80007e6c        0x2 SHORT 0x4e75
 *(.lit)
 *fill*         0x80007e6e        0x2
                0x80007e70                .=ALIGN(0x10)
                0x80007e70                _etext=.
                0x80007e70                etext=.

.data           0x80007e70        0x0
                0x80007e70                copy_start=.
 *(.shdata)
 *(.data)
 *(.gnu.linkonce.d.*)
                0x80007e70                .=ALIGN(0x10)
                0x80007e70                _edata=.
                0x80007e70                copy_end=.

.got
 *(.got.plt)
 *(.got)

EntryList       0x80007e70      0x110
 *(EntryList)
 EntryList      0x80007e70      0x110 S2_BSS_Audio_Soundweb_London_Node.o
                0x80007e70                S2_BSS_Audio_Soundweb_London_Node_Entry
                0x80007f80                .=ALIGN(0x4)

FunctionList    0x80007f80        0x4
 *(FunctionList)
 FunctionList   0x80007f80        0x4 globals.o
                0x80007f80                g_pFunctions
                0x80007f84                .=ALIGN(0x4)

.bss            0x80007f84        0x0
                0x80007f84                .=ALIGN(0x4)
                0x80007f84                __bss_start=.
 *(.shbss)
 *(.bss)
 *(COMMON)
                0x80007f88                _end=ALIGN(0x8)
                0x80007f88                __end=_end

.stab
 *(.stab)

.stabstr
 *(.stabstr)

.debug
 *(.debug)

.line
 *(.line)

.debug_srcinfo
 *(.debug_srcinfo)

.debug_sfnames
 *(.debug_sfnames)

.debug_aranges
 *(.debug_aranges)

.debug_pubnames
 *(.debug_pubnames)

.debug_info
 *(.debug_info)

.debug_abbrev
 *(.debug_abbrev)

.debug_line
 *(.debug_line)

.debug_frame
 *(.debug_frame)

.debug_str
 *(.debug_str)

.debug_loc
 *(.debug_loc)

.debug_macinfo
 *(.debug_macinfo)

.debug_weaknames
 *(.debug_weaknames)

.debug_funcnames
 *(.debug_funcnames)

.debug_typenames
 *(.debug_typenames)

.debug_varnames
 *(.debug_varnames)
LOAD S2_BSS_Audio_Soundweb_London_Node.o
LOAD globals.o
LOAD library.o
OUTPUT(S2_BSS_Audio_Soundweb_London_Node.elf elf32-m68k)

.comment        0x80007f84       0x72
 .comment       0x80007f84       0x26 S2_BSS_Audio_Soundweb_London_Node.o
 .comment       0x80007faa       0x26 globals.o
 .comment       0x80007fd0       0x26 library.o
